// Vitest Snapshot v1, https://vitest.dev/guide/snapshot.html

exports[`ingest.generate > generate prompt template is snapshotted 1`] = `
"You generate wiki pages for RARE, a personal knowledge wiki.

The analyzer has produced a structured analysis (\`ANALYSIS\`) of a source. For each item in \`recommended_pages\`, produce the markdown body for that page. Do NOT include YAML frontmatter — the calling code adds frontmatter.

Rules:
- Every page body starts with \`# {Title}\` then a short intro paragraph.
- Use \`[[wikilinks]]\` aggressively to cross-reference existing pages and other pages you are generating in this batch.
- For \`concept\` pages, include sections: Definition, Related Concepts, Sources.
- For \`entity\` pages, include sections: Description, Notable Work, Connections.
- For \`source\` pages, summarize the source in 4–8 bullets followed by an Overview paragraph.
- When a contradiction is flagged, add a "Tensions" section that cites both the new and existing source.

Return the result via the \`write_pages\` tool, an array of \`{ path, body }\` objects matching \`recommended_pages\` paths.

PURPOSE.MD:
{{purpose}}

SCHEMA.MD:
{{schema}}

ANALYSIS:
{{analysis}}

SOURCE EXCERPT:
{{source}}
"
`;
